Microchip MPLAB XC8 Compiler V1.33 ()

Linker command line:

--edf=C:\Program Files (x86)\Microchip\xc8\v1.33\dat\en_msgs.txt -cs \
  -h+dist/default/production\robot_program.production.sym \
  --cmf=dist/default/production\robot_program.production.cmf -z -Q16F690 \
  -oC:\Users\Kadir\AppData\Local\Temp\s6i0.6 \
  -Mdist/default/production/robot_program.production.map -E1 -ver=XC8 \
  -ASTACK=0A0h-0efh -pstack=STACK -ACONST=00h-0FFhx16 -ACODE=00h-07FFhx2 \
  -ASTRCODE=00h-0FFFh -AENTRY=00h-0FFhx16 -ASTRING=00h-0FFhx16 \
  -ACOMMON=070h-07Fh -ABANK0=020h-06Fh -ABANK1=0A0h-0EFh \
  -ABANK2=0120h-016Fh -ARAM=020h-06Fh,0A0h-0EFh,0120h-016Fh \
  -AABS1=020h-07Fh,0A0h-0EFh,0120h-016Fh -ASFR0=00h-01Fh -ASFR1=080h-09Fh \
  -ASFR2=0100h-011Fh -ASFR3=0180h-01EFh \
  -preset_vec=00h,intentry=04h,init,end_init -ppowerup=CODE -pcinit=CODE \
  -pfunctab=CODE -ACONFIG=02007h-02007h -pconfig=CONFIG -DCONFIG=2 \
  -AIDLOC=02000h-02003h -pidloc=IDLOC -DIDLOC=2 -AEEDATA=00h-0FFh/02100h \
  -peeprom_data=EEDATA -DEEDATA=2 -DCODE=2 -DSTRCODE=2 -DSTRING=2 -DCONST=2 \
  -DENTRY=2 -k C:\Users\Kadir\AppData\Local\Temp\s6i0.obj \
  dist/default/production\robot_program.production.obj 

Object code version is 3.11

Machine type is 16F690



                Name                               Link     Load   Length Selector   Space Scale
C:\Users\Kadir\AppData\Local\Temp\s6i0.obj
                end_init                             11       11        2        8       0
                reset_vec                             0        0        2        0       0
                config                             2007     2007        1     400E       0
dist/default/production\robot_program.production.obj
                cinit                                13       13       24        8       0
                intentry                              4        4        D        8       0
                text1                                B3       B3       79        8       0
                maintext                             37       37       7C        8       0
                cstackCOMMON                         7A       7A        4       70       1
                dataBANK0                            20       20        F       20       1
                bssBANK0                             2F       2F        7       20       1
                bssCOMMON                            70       70        A       70       1
                nvBANK0                              36       36        1       20       1
                strings                             12C      12C       43      258       0

TOTAL           Name                               Link     Load   Length     Space
        CLASS   STACK          

        CLASS   CONST          

        CLASS   CODE           
                end_init                             11       11        2         0
                cinit                                13       13       24         0
                intentry                              4        4        D         0
                reset_vec                             0        0        2         0
                text1                                B3       B3       79         0
                maintext                             37       37       7C         0

        CLASS   STRCODE        

        CLASS   ENTRY          

        CLASS   STRING         
                strings                             12C      12C       43         0

        CLASS   COMMON         
                cstackCOMMON                         7A       7A        4         1
                bssCOMMON                            70       70        A         1

        CLASS   BANK0          
                dataBANK0                            20       20        F         1
                bssBANK0                             2F       2F        7         1
                nvBANK0                              36       36        1         1

        CLASS   BANK1          

        CLASS   BANK2          

        CLASS   RAM            

        CLASS   ABS1           
                abs_s1                               7E       7E        2         1

        CLASS   SFR0           

        CLASS   SFR1           

        CLASS   SFR2           

        CLASS   SFR3           

        CLASS   CONFIG         
                config                             2007     2007        1         0

        CLASS   IDLOC          

        CLASS   EEDATA         

        CLASS   BANK3          



SEGMENTS        Name                           Load    Length   Top    Selector   Space  Class     Delta

                reset_vec                      000000  000002  000002         0       0  CODE        2
                intentry                       000004  000128  00012C         8       0  CODE        2
                dataBANK0                      000020  000017  000037        20       1  BANK0       1
                bssCOMMON                      000070  00000E  00007E        70       1  COMMON      1
                strings                        00012C  000043  00016F       258       0  STRING      2
                config                         002007  000001  002008      400E       0  CONFIG      2


UNUSED ADDRESS RANGES

        Name                Unused          Largest block    Delta
        BANK0            0037-006F             39           1
        BANK1            00A0-00EF             50           1
        BANK2            0120-016F             50           1
        CODE             0002-0003              2           2
                         016F-0FFF            691
        CONST            0002-0003              2           2
                         016F-0FFF            100
        EEDATA           2100-21FF            100           2
        ENTRY            0002-0003              2           2
                         016F-0FFF            100
        IDLOC            2000-2003              4           2
        RAM              0037-006F             39           1
                         00A0-00EF             50
                         0120-016F             50
        SFR0             0000-001F             20           1
        SFR1             0080-009F             20           1
        SFR2             0100-011F             20           1
        SFR3             0180-01EF             70           1
        STACK            00A0-00EF             50           1
        STRCODE          0002-0003              2           2
                         016F-0FFF            E91
        STRING           0002-0003              2           2
                         016F-0FFF            100

                                  Symbol Table

_ANSEL                     (abs)        011E
_ANSELH                    (abs)        011F
_BRG16                     (abs)        04DB
_BRGH                      (abs)        04C2
_CREN                      (abs)        00C4
_FERR                      (abs)        00C2
_GIE                       (abs)        005F
_OERR                      (abs)        00C1
_OPTION_REG                (abs)        0081
_OSCCON                    (abs)        008F
_OSCTUNE                   (abs)        0090
_PEIE                      (abs)        005E
_PORTA                     (abs)        0005
_PORTB                     (abs)        0006
_PORTC                     (abs)        0007
_RCIE                      (abs)        0465
_RCIF                      (abs)        0065
_RCREG                     (abs)        001A
_SPBRG                     (abs)        0099
_SPBRGH                    (abs)        009A
_SPEN                      (abs)        00C7
_SYNC                      (abs)        04C4
_T0IE                      (abs)        005D
_T0IF                      (abs)        005A
_T1CONbits                 (abs)        0010
_T1OSCEN                   (abs)        0083
_TMR0                      (abs)        0001
_TMR1CS                    (abs)        0081
_TMR1GE                    (abs)        0086
_TMR1H                     (abs)        000F
_TMR1IE                    (abs)        0460
_TMR1IF                    (abs)        0060
_TMR1L                     (abs)        000E
_TMR1ON                    (abs)        0080
_TRISA                     (abs)        0085
_TRISB                     (abs)        0086
_TRISC                     (abs)        0087
__CFG_BOREN$ON             (abs)        0000
__CFG_CP$OFF               (abs)        0000
__CFG_CPD$OFF              (abs)        0000
__CFG_FCMEN$ON             (abs)        0000
__CFG_FOSC$INTRCIO         (abs)        0000
__CFG_IESO$ON              (abs)        0000
__CFG_MCLRE$OFF            (abs)        0000
__CFG_PWRTE$ON             (abs)        0000
__CFG_WDTE$OFF             (abs)        0000
__Habs1                    abs1         0000
__Hbank0                   bank0        0000
__Hbank1                   bank1        0000
__Hbank2                   bank2        0000
__Hbank3                   bank3        0000
__HbssBANK0                bssBANK0     0000
__HbssCOMMON               bssCOMMON    0000
__Hcinit                   cinit        0037
__Hclrtext                 clrtext      0000
__Hcode                    code         0000
__Hcommon                  common       0000
__Hconfig                  config       2008
__HcstackBANK0             cstackBANK0  0000
__HcstackCOMMON            cstackCOMMON 0000
__HdataBANK0               dataBANK0    0000
__Heeprom_data             eeprom_data  0000
__Hend_init                end_init     0013
__Hfunctab                 functab      0000
__HidataBANK0              idataBANK0   0000
__Hidloc                   idloc        0000
__Hinit                    init         0011
__Hintentry                intentry     0011
__Hmaintext                maintext     0000
__HnvBANK0                 nvBANK0      0000
__Hpa_nodes                pa_nodes     0000
__Hpowerup                 powerup      0000
__Hram                     ram          0000
__Hreset_vec               reset_vec    0002
__Hsfr0                    sfr0         0000
__Hsfr1                    sfr1         0000
__Hsfr2                    sfr2         0000
__Hsfr3                    sfr3         0000
__Hspace_0                 (abs)        2008
__Hspace_1                 (abs)        007E
__Hspace_2                 (abs)        0000
__Hspace_3                 (abs)        0000
__Hstack                   stack        0000
__Hstrings                 strings      0000
__Htext                    text         0000
__Labs1                    abs1         0000
__Lbank0                   bank0        0000
__Lbank1                   bank1        0000
__Lbank2                   bank2        0000
__Lbank3                   bank3        0000
__LbssBANK0                bssBANK0     0000
__LbssCOMMON               bssCOMMON    0000
__Lcinit                   cinit        0013
__Lclrtext                 clrtext      0000
__Lcode                    code         0000
__Lcommon                  common       0000
__Lconfig                  config       2007
__LcstackBANK0             cstackBANK0  0000
__LcstackCOMMON            cstackCOMMON 0000
__LdataBANK0               dataBANK0    0000
__Leeprom_data             eeprom_data  0000
__Lend_init                end_init     0011
__Lfunctab                 functab      0000
__LidataBANK0              idataBANK0   0000
__Lidloc                   idloc        0000
__Linit                    init         0011
__Lintentry                intentry     0004
__Lmaintext                maintext     0000
__LnvBANK0                 nvBANK0      0000
__Lpa_nodes                pa_nodes     0000
__Lpowerup                 powerup      0000
__Lram                     ram          0000
__Lreset_vec               reset_vec    0000
__Lsfr0                    sfr0         0000
__Lsfr1                    sfr1         0000
__Lsfr2                    sfr2         0000
__Lsfr3                    sfr3         0000
__Lspace_0                 (abs)        0000
__Lspace_1                 (abs)        0000
__Lspace_2                 (abs)        0000
__Lspace_3                 (abs)        0000
__Lstack                   stack        0000
__Lstrings                 strings      0000
__Ltext                    text         0000
__S0                       (abs)        2008
__S1                       (abs)        007E
__S2                       (abs)        0000
__S3                       (abs)        0000
___int_sp                  stack        0000
___latbits                 (abs)        0001
___sp                      stack        0000
__end_of__initialization   cinit        0034
__end_of__stringtab        strings      0132
__end_of_global_interrupt  text1        00FA
__end_of_handle_counter1   text1        0112
__end_of_handle_counter2   text1        012C
__end_of_main              maintext     00B3
__end_of_motor1Array       strings      0141
__end_of_motor2_1Array     strings      0150
__end_of_motor2_2Array     strings      015F
__end_of_posArray1         strings      0167
__end_of_posArray2         strings      016F
__initialization           cinit        0013
__pbssBANK0                bssBANK0     002F
__pbssCOMMON               bssCOMMON    0070
__pcstackBANK0             cstackBANK0  0000
__pcstackCOMMON            cstackCOMMON 007A
__pdataBANK0               dataBANK0    0020
__pidataBANK0              idataBANK0   0000
__pintentry                intentry     0004
__pmaintext                maintext     0037
__pnvBANK0                 nvBANK0      0036
__pstrings                 strings      012C
__ptext1                   text1        00B3
__ptext2                   text1        0112
__ptext3                   text1        00FA
__size_of_global_interrupt (abs)        0000
__size_of_handle_counter1  (abs)        0000
__size_of_handle_counter2  (abs)        0000
__size_of_main             (abs)        0000
__stringbase               strings      0131
__stringtab                strings      012C
_counter1                  bssCOMMON    0070
_counter2                  bssCOMMON    0071
_counter_uart              bssCOMMON    0072
_direction1                bssBANK0     002F
_direction2                bssBANK0     0031
_global_interrupt          text1        00B3
_handle_counter1           text1        00FA
_handle_counter2           text1        0112
_incremental1              bssBANK0     0035
_loop1                     bssBANK0     0033
_main                      maintext     0037
_motor1                    bssCOMMON    0073
_motor1Array               strings      0132
_motor1run                 bssCOMMON    0074
_motor2                    bssCOMMON    0075
_motor2_1Array             strings      0141
_motor2_2Array             strings      0150
_motor2run                 bssCOMMON    0076
_posArray1                 strings      015F
_posArray2                 strings      0167
_tmp1                      nvBANK0      0036
_tmp2                      bssCOMMON    0077
_tmp3                      bssCOMMON    0078
_tmp_data                  bssCOMMON    0079
_uart_data                 dataBANK0    0020
btemp                      (abs)        007E
end_of_initialization      cinit        0034
interrupt_function         intentry     0004
intlevel0                  functab      0000
intlevel1                  functab      0000
intlevel2                  functab      0000
intlevel3                  functab      0000
intlevel4                  functab      0000
intlevel5                  functab      0000
ltemp                      (abs)        007E
ltemp0                     (abs)        007E
ltemp1                     (abs)        0082
ltemp2                     (abs)        0086
ltemp3                     (abs)        0080
reset_vec                  reset_vec    0000
saved_w                    (abs)        007E
stackhi                    (abs)        0000
stacklo                    (abs)        0000
start                      init         0011
start_initialization       cinit        0013
ttemp                      (abs)        007E
ttemp0                     (abs)        007E
ttemp1                     (abs)        0081
ttemp2                     (abs)        0084
ttemp3                     (abs)        0087
ttemp4                     (abs)        007F
wtemp                      (abs)        007E
wtemp0                     (abs)        007E
wtemp1                     (abs)        0080
wtemp2                     (abs)        0082
wtemp3                     (abs)        0084
wtemp4                     (abs)        0086
wtemp5                     (abs)        0088
wtemp6                     (abs)        007F


FUNCTION INFORMATION:

 *************** function _main *****************
 Defined at:
		line 159 in file "main.c"
 Parameters:    Size  Location     Type
		None
 Auto vars:     Size  Location     Type
		None
 Return value:  Size  Location     Type
                  2  153[COMMON] int 
 Registers used:
		wreg, status,2, status,0
 Tracked objects:
		On entry : 
		On exit  : 
		Unchanged: 
 Data sizes:     COMMON   BANK0   BANK1   BANK2
      Params:         0       0       0       0
      Locals:         0       0       0       0
      Temps:          0       0       0       0
      Totals:         0       0       0       0
Total ram usage:        0 bytes
 Hardware stack levels required when called:    3
 This function calls:
		Nothing
 This function is called by:
		Startup code after reset
 This function uses a non-reentrant model


 *************** function _global_interrupt *****************
 Defined at:
		line 59 in file "main.c"
 Parameters:    Size  Location     Type
		None
 Auto vars:     Size  Location     Type
		None
 Return value:  Size  Location     Type
		None               void
 Registers used:
		wreg, fsr0l, fsr0h, status,2, status,0, btemp+1, pclath, cstack
 Tracked objects:
		On entry : 
		On exit  : 
		Unchanged: 
 Data sizes:     COMMON   BANK0   BANK1   BANK2
      Params:         0       0       0       0
      Locals:         0       0       0       0
      Temps:          4       0       0       0
      Totals:         4       0       0       0
Total ram usage:        4 bytes
 Hardware stack levels used:    1
 Hardware stack levels required when called:    2
 This function calls:
		_handle_counter1
		_handle_counter2
 This function is called by:
		Interrupt level 1
 This function uses a non-reentrant model


 *************** function _handle_counter2 *****************
 Defined at:
		line 308 in file "main.c"
 Parameters:    Size  Location     Type
		None
 Auto vars:     Size  Location     Type
		None
 Return value:  Size  Location     Type
		None               void
 Registers used:
		wreg, fsr0l, fsr0h, status,2, status,0, pclath
 Tracked objects:
		On entry : 
		On exit  : 
		Unchanged: 
 Data sizes:     COMMON   BANK0   BANK1   BANK2
      Params:         0       0       0       0
      Locals:         0       0       0       0
      Temps:          0       0       0       0
      Totals:         0       0       0       0
Total ram usage:        0 bytes
 Hardware stack levels used:    2
 This function calls:
		Nothing
 This function is called by:
		_global_interrupt
 This function uses a non-reentrant model


 *************** function _handle_counter1 *****************
 Defined at:
		line 317 in file "main.c"
 Parameters:    Size  Location     Type
		None
 Auto vars:     Size  Location     Type
		None
 Return value:  Size  Location     Type
		None               void
 Registers used:
		wreg, fsr0l, fsr0h, status,2, status,0, pclath
 Tracked objects:
		On entry : 
		On exit  : 
		Unchanged: 
 Data sizes:     COMMON   BANK0   BANK1   BANK2
      Params:         0       0       0       0
      Locals:         0       0       0       0
      Temps:          0       0       0       0
      Totals:         0       0       0       0
Total ram usage:        0 bytes
 Hardware stack levels used:    2
 This function calls:
		Nothing
 This function is called by:
		_global_interrupt
 This function uses a non-reentrant model



MODULE INFORMATION

Module		Function		Class		Link	Load	Size
shared
		__stringtab    		STRING         	012C	0000	6
		_motor1Array   		STRING         	0132	0000	15
		_motor2_1Array 		STRING         	0141	0000	15
		_motor2_2Array 		STRING         	0150	0000	15
		__initializatio		CODE           	0013	0000	33
		_posArray1     		STRING         	015F	0000	8
		_posArray2     		STRING         	0167	0000	8

shared estimated size: 100

main.c
		_global_interru		CODE           	00B3	0000	71
		_main          		CODE           	0037	0000	124
		_handle_counter		CODE           	00FA	0000	24
		_handle_counter		CODE           	0112	0000	26

main.c estimated size: 245

