Microchip MPLAB XC8 Compiler V1.33 ()

Linker command line:

--edf=C:\Program Files (x86)\Microchip\xc8\v1.33\dat\en_msgs.txt -cs \
  -h+dist/default/production\robot_program.production.sym \
  --cmf=dist/default/production\robot_program.production.cmf -z -Q16F687 \
  -oC:\Users\Kadir\AppData\Local\Temp\s154.6 \
  -Mdist/default/production/robot_program.production.map -E1 -ver=XC8 \
  -ASTACK=03Eh-06fh -pstack=STACK -ACONST=00h-0FFhx8 -ACODE=00h-07FFh \
  -ASTRCODE=00h-07FFh -AENTRY=00h-0FFhx8 -ASTRING=00h-0FFhx8 \
  -ACOMMON=070h-07Fh -ABANK0=020h-06Fh -ABANK1=0A0h-0BFh \
  -ARAM=020h-06Fh,0A0h-0BFh -AABS1=020h-07Fh,0A0h-0BFh -ASFR0=00h-01Fh \
  -ASFR1=080h-09Fh -ASFR2=0100h-016Fh -ASFR3=0180h-01EFh \
  -preset_vec=00h,intentry=04h,init,end_init -ppowerup=CODE -pcinit=CODE \
  -pfunctab=CODE -ACONFIG=02007h-02007h -pconfig=CONFIG -DCONFIG=2 \
  -AIDLOC=02000h-02003h -pidloc=IDLOC -DIDLOC=2 -AEEDATA=00h-0FFh/02100h \
  -peeprom_data=EEDATA -DEEDATA=2 -DCODE=2 -DSTRCODE=2 -DSTRING=2 -DCONST=2 \
  -DENTRY=2 -k C:\Users\Kadir\AppData\Local\Temp\s154.obj \
  dist/default/production\robot_program.production.obj 

Object code version is 3.11

Machine type is 16F687



                Name                               Link     Load   Length Selector   Space Scale
C:\Users\Kadir\AppData\Local\Temp\s154.obj
                end_init                             10       10        1        8       0
                reset_vec                             0        0        1        0       0
                config                             2007     2007        1     400E       0
dist/default/production\robot_program.production.obj
                cinit                                11       11       1D        8       0
                intentry                              4        4        C        8       0
                text1                                EE       EE       3F      1DC       0
                maintext                             2E       2E       75        8       0
                cstackBANK0                          3D       3D        1       20       1
                cstackCOMMON                         76       76        5       70       1
                clrtext                             135      135        8      1DC       0
                dataBANK0                            35       35        8       20       1
                bssBANK0                             20       20       15       20       1
                dataCOMMON                           7C       7C        1       70       1
                bssCOMMON                            70       70        6       70       1
                nvCOMMON                             7B       7B        1       70       1
                strings                              A3       A3       4B      146       0
                idataBANK0                          12D      12D        8      1DC       0
                idataCOMMON                         13D      13D        1      1DC       0

TOTAL           Name                               Link     Load   Length     Space
        CLASS   STACK          

        CLASS   CONST          

        CLASS   CODE           
                end_init                             10       10        1         0
                cinit                                11       11       1D         0
                intentry                              4        4        C         0
                reset_vec                             0        0        1         0
                text1                                EE       EE       3F         0
                maintext                             2E       2E       75         0
                clrtext                             135      135        8         0
                idataBANK0                          12D      12D        8         0
                idataCOMMON                         13D      13D        1         0

        CLASS   STRCODE        

        CLASS   ENTRY          

        CLASS   STRING         
                strings                              A3       A3       4B         0

        CLASS   COMMON         
                cstackCOMMON                         76       76        5         1
                dataCOMMON                           7C       7C        1         1
                bssCOMMON                            70       70        6         1
                nvCOMMON                             7B       7B        1         1

        CLASS   BANK0          
                cstackBANK0                          3D       3D        1         1
                dataBANK0                            35       35        8         1
                bssBANK0                             20       20       15         1

        CLASS   BANK1          

        CLASS   RAM            

        CLASS   ABS1           
                abs_s1                               7E       7E        2         1

        CLASS   SFR0           

        CLASS   SFR1           

        CLASS   SFR2           

        CLASS   SFR3           

        CLASS   CONFIG         
                config                             2007     2007        1         0

        CLASS   IDLOC          

        CLASS   EEDATA         

        CLASS   BANK3          

        CLASS   BANK2          



SEGMENTS        Name                           Load    Length   Top    Selector   Space  Class     Delta

                reset_vec                      000000  000001  000001         0       0  CODE        2
                intentry                       000004  00009F  0000A3         8       0  CODE        2
                bssBANK0                       000020  00001E  00003E        20       1  BANK0       1
                bssCOMMON                      000070  00000D  00007D        70       1  COMMON      1
                strings                        0000A3  00004B  0000EE       146       0  STRING      2
                text1                          0000EE  000050  00013E       1DC       0  CODE        2
                config                         002007  000001  002008      400E       0  CONFIG      2


UNUSED ADDRESS RANGES

        Name                Unused          Largest block    Delta
        BANK0            003E-006F             32           1
        BANK1            00A0-00BF             20           1
        CODE             0001-0003              3           2
                         013E-07FF            6C2
        COMMON           007D-007D              1           1
        CONST            0001-0003              3           2
                         013E-07FF            100
        EEDATA           2100-21FF            100           2
        ENTRY            0001-0003              3           2
                         013E-07FF            100
        IDLOC            2000-2003              4           2
        RAM              003E-006F             32           1
                         00A0-00BF             20
        SFR0             0000-001F             20           1
        SFR1             0080-009F             20           1
        SFR2             0100-016F             70           1
        SFR3             0180-01EF             70           1
        STACK            003E-006F             32           1
        STRCODE          0001-0003              3           2
                         013E-07FF            6C2
        STRING           0001-0003              3           2
                         013E-07FF            100

                                  Symbol Table

_ANSEL                     (abs)        011E
_ANSELH                    (abs)        011F
_BRG16                     (abs)        04DB
_BRGH                      (abs)        04C2
_CREN                      (abs)        00C4
_FERR                      (abs)        00C2
_GIE                       (abs)        005F
_OERR                      (abs)        00C1
_OPTION_REG                (abs)        0081
_OSCCON                    (abs)        008F
_OSCTUNE                   (abs)        0090
_PEIE                      (abs)        005E
_PORTA                     (abs)        0005
_RCIE                      (abs)        0465
_RCIF                      (abs)        0065
_RCREG                     (abs)        001A
_SPBRG                     (abs)        0099
_SPBRGH                    (abs)        009A
_SPEN                      (abs)        00C7
_SYNC                      (abs)        04C4
_T0IE                      (abs)        005D
_T0IF                      (abs)        005A
_T1CONbits                 (abs)        0010
_T1OSCEN                   (abs)        0083
_TMR0                      (abs)        0001
_TMR1CS                    (abs)        0081
_TMR1GE                    (abs)        0086
_TMR1H                     (abs)        000F
_TMR1ON                    (abs)        0080
_TRISA                     (abs)        0085
_TRISB                     (abs)        0086
_TRISC                     (abs)        0087
__CFG_BOREN$ON             (abs)        0000
__CFG_CP$OFF               (abs)        0000
__CFG_CPD$OFF              (abs)        0000
__CFG_FCMEN$ON             (abs)        0000
__CFG_FOSC$INTRCIO         (abs)        0000
__CFG_IESO$ON              (abs)        0000
__CFG_MCLRE$OFF            (abs)        0000
__CFG_PWRTE$ON             (abs)        0000
__CFG_WDTE$OFF             (abs)        0000
__Habs1                    abs1         0000
__Hbank0                   bank0        0000
__Hbank1                   bank1        0000
__Hbank2                   bank2        0000
__Hbank3                   bank3        0000
__HbssBANK0                bssBANK0     0000
__HbssCOMMON               bssCOMMON    0000
__Hcinit                   cinit        002E
__Hclrtext                 clrtext      0000
__Hcode                    code         0000
__Hcommon                  common       0000
__Hconfig                  config       2008
__HcstackBANK0             cstackBANK0  0000
__HcstackCOMMON            cstackCOMMON 0000
__HdataBANK0               dataBANK0    0000
__HdataCOMMON              dataCOMMON   0000
__Heeprom_data             eeprom_data  0000
__Hend_init                end_init     0011
__Hfunctab                 functab      0000
__HidataBANK0              idataBANK0   0000
__HidataCOMMON             idataCOMMON  0000
__Hidloc                   idloc        0000
__Hinit                    init         0010
__Hintentry                intentry     0010
__Hmaintext                maintext     0000
__HnvCOMMON                nvCOMMON     0000
__Hpowerup                 powerup      0000
__Hram                     ram          0000
__Hreset_vec               reset_vec    0001
__Hsfr0                    sfr0         0000
__Hsfr1                    sfr1         0000
__Hsfr2                    sfr2         0000
__Hsfr3                    sfr3         0000
__Hspace_0                 (abs)        2008
__Hspace_1                 (abs)        007D
__Hspace_2                 (abs)        0000
__Hspace_3                 (abs)        0000
__Hstack                   stack        0000
__Hstrings                 strings      0000
__Htext                    text         0000
__Labs1                    abs1         0000
__Lbank0                   bank0        0000
__Lbank1                   bank1        0000
__Lbank2                   bank2        0000
__Lbank3                   bank3        0000
__LbssBANK0                bssBANK0     0000
__LbssCOMMON               bssCOMMON    0000
__Lcinit                   cinit        0011
__Lclrtext                 clrtext      0000
__Lcode                    code         0000
__Lcommon                  common       0000
__Lconfig                  config       2007
__LcstackBANK0             cstackBANK0  0000
__LcstackCOMMON            cstackCOMMON 0000
__LdataBANK0               dataBANK0    0000
__LdataCOMMON              dataCOMMON   0000
__Leeprom_data             eeprom_data  0000
__Lend_init                end_init     0010
__Lfunctab                 functab      0000
__LidataBANK0              idataBANK0   0000
__LidataCOMMON             idataCOMMON  0000
__Lidloc                   idloc        0000
__Linit                    init         0010
__Lintentry                intentry     0004
__Lmaintext                maintext     0000
__LnvCOMMON                nvCOMMON     0000
__Lpowerup                 powerup      0000
__Lram                     ram          0000
__Lreset_vec               reset_vec    0000
__Lsfr0                    sfr0         0000
__Lsfr1                    sfr1         0000
__Lsfr2                    sfr2         0000
__Lsfr3                    sfr3         0000
__Lspace_0                 (abs)        0000
__Lspace_1                 (abs)        0000
__Lspace_2                 (abs)        0000
__Lspace_3                 (abs)        0000
__Lstack                   stack        0000
__Lstrings                 strings      0000
__Ltext                    text         0000
__S0                       (abs)        2008
__S1                       (abs)        007D
__S2                       (abs)        0000
__S3                       (abs)        0000
___int_sp                  stack        0000
___latbits                 (abs)        0000
___sp                      stack        0000
__end_of__initialization   cinit        002C
__end_of__stringtab        strings      00A9
__end_of_global_interrupt  text1        012D
__end_of_main              maintext     00A3
__end_of_motor1Array       strings      00B8
__end_of_motor2_1Array     strings      00C7
__end_of_motor2_2Array     strings      00D6
__end_of_posArray1         strings      00DE
__end_of_posArray2         strings      00E6
__end_of_posArray3         strings      00EE
__initialization           cinit        0011
__pbssBANK0                bssBANK0     0020
__pbssCOMMON               bssCOMMON    0070
__pcstackBANK0             cstackBANK0  003D
__pcstackCOMMON            cstackCOMMON 0076
__pdataBANK0               dataBANK0    0035
__pdataCOMMON              dataCOMMON   007C
__pidataBANK0              idataBANK0   012D
__pidataCOMMON             idataCOMMON  013D
__pintentry                intentry     0004
__pmaintext                maintext     002E
__pnvCOMMON                nvCOMMON     007B
__pstrings                 strings      00A3
__ptext1                   text1        00EE
__size_of_global_interrupt (abs)        0000
__size_of_main             (abs)        0000
__stringbase               strings      00A8
__stringtab                strings      00A3
_counter1                  bssBANK0     0020
_counter2                  bssBANK0     0022
_counter3                  bssBANK0     0024
_counter_uart              bssBANK0     0030
_direction1                bssBANK0     0026
_direction2                bssBANK0     0028
_direction3                bssBANK0     002A
_global_interrupt          text1        00EE
_incremental1              bssBANK0     0031
_incremental3              bssBANK0     0032
_init_received             bssBANK0     0033
_loop1                     bssBANK0     002C
_loop3                     bssBANK0     002E
_main                      maintext     002E
_motor1                    bssCOMMON    0070
_motor1Array               strings      00A9
_motor1_data               dataCOMMON   007C
_motor1stop                dataBANK0    0038
_motor2                    bssCOMMON    0071
_motor2_1Array             strings      00B8
_motor2_2Array             strings      00C7
_motor2_data               dataBANK0    0039
_motor2stop                dataBANK0    003A
_motor3                    bssCOMMON    0072
_motor3_data               dataBANK0    003B
_motor3stop                dataBANK0    003C
_motor_data                dataBANK0    0035
_posArray1                 strings      00D6
_posArray2                 strings      00DE
_posArray3                 strings      00E6
_tmp1                      nvCOMMON     007B
_tmp2                      bssCOMMON    0073
_tmp3                      bssCOMMON    0074
_tmp_data                  bssCOMMON    0075
_tmp_data2                 bssBANK0     0034
btemp                      (abs)        007E
clear_ram0                 clrtext      0135
end_of_initialization      cinit        002C
interrupt_function         intentry     0004
intlevel0                  functab      0000
intlevel1                  functab      0000
intlevel2                  functab      0000
intlevel3                  functab      0000
intlevel4                  functab      0000
intlevel5                  functab      0000
ltemp                      (abs)        007E
ltemp0                     (abs)        007E
ltemp1                     (abs)        0082
ltemp2                     (abs)        0086
ltemp3                     (abs)        0080
reset_vec                  reset_vec    0000
saved_w                    (abs)        007E
stackhi                    (abs)        0000
stacklo                    (abs)        0000
start                      init         0010
start_initialization       cinit        0011
ttemp                      (abs)        007E
ttemp0                     (abs)        007E
ttemp1                     (abs)        0081
ttemp2                     (abs)        0084
ttemp3                     (abs)        0087
ttemp4                     (abs)        007F
wtemp                      (abs)        007E
wtemp0                     (abs)        007E
wtemp1                     (abs)        0080
wtemp2                     (abs)        0082
wtemp3                     (abs)        0084
wtemp4                     (abs)        0086
wtemp5                     (abs)        0088
wtemp6                     (abs)        007F


FUNCTION INFORMATION:

 *************** function _main *****************
 Defined at:
		line 152 in file "main.c"
 Parameters:    Size  Location     Type
		None
 Auto vars:     Size  Location     Type
		None
 Return value:  Size  Location     Type
                  2  142[COMMON] int 
 Registers used:
		wreg, fsr0l, fsr0h, status,2, status,0, pclath
 Tracked objects:
		On entry : 
		On exit  : 
		Unchanged: 
 Data sizes:     COMMON   BANK0   BANK1
      Params:         0       0       0
      Locals:         0       0       0
      Temps:          0       1       0
      Totals:         0       1       0
Total ram usage:        1 bytes
 Hardware stack levels used:    1
 Hardware stack levels required when called:    2
 This function calls:
		Nothing
 This function is called by:
		Startup code after reset
 This function uses a non-reentrant model


 *************** function _global_interrupt *****************
 Defined at:
		line 56 in file "main.c"
 Parameters:    Size  Location     Type
		None
 Auto vars:     Size  Location     Type
		None
 Return value:  Size  Location     Type
		None               void
 Registers used:
		wreg, fsr0l, fsr0h, status,2, status,0, pclath
 Tracked objects:
		On entry : 
		On exit  : 
		Unchanged: 
 Data sizes:     COMMON   BANK0   BANK1
      Params:         0       0       0
      Locals:         0       0       0
      Temps:          5       0       0
      Totals:         5       0       0
Total ram usage:        5 bytes
 Hardware stack levels used:    2
 This function calls:
		Nothing
 This function is called by:
		Interrupt level 1
 This function uses a non-reentrant model



MODULE INFORMATION

Module		Function		Class		Link	Load	Size
shared
		__stringtab    		STRING         	00A3	0000	6
		_motor1Array   		STRING         	00A9	0000	15
		_motor2_1Array 		STRING         	00B8	0000	15
		_motor2_2Array 		STRING         	00C7	0000	15
		__initializatio		CODE           	0011	0000	27
		_posArray1     		STRING         	00D6	0000	8
		_posArray2     		STRING         	00DE	0000	8
		_posArray3     		STRING         	00E6	0000	8

shared estimated size: 102

main.c
		_global_interru		CODE           	00EE	0000	63
		_main          		CODE           	002E	0000	117

main.c estimated size: 180

